11738: [0310月2026 13:55:07.798] [Server thread/INFO] [net.minecraft.server.MinecraftServer/]: [Dev: 已设置目标速率为每秒200.0刻]
11739: [0310月2026 13:55:07.802] [Render thread/INFO] [net.minecraft.client.gui.components.ChatComponent/]: [System] [CHAT] 已设置目标速率为每秒200.0刻
11740: [0310月2026 13:55:08.950] [Render thread/INFO] [com.iridium126.createmanaindustry.CreateManaIndustry/]: [CMI packages] pausing GPU authority: Package input history expired; pausing for a fresh baseline
11741: [0310月2026 13:55:15.478] [Render thread/INFO] [com.iridium126.createmanaindustry.CreateManaIndustry/]: [CMI packages] pausing GPU authority: Package input history expired; pausing for a fresh baseline
11742: [0310月2026 13:55:18.936] [Server thread/INFO] [net.minecraft.server.MinecraftServer/]: [Dev: 已设置目标速率为每秒20.0刻]
11743: [0310月2026 13:55:18.943] [Render thread/INFO] [net.minecraft.client.gui.components.ChatComponent/]: [System] [CHAT] 已设置目标速率为每秒20.0刻
11744: [0310月2026 13:55:21.550] [Server thread/DEBUG] [com.iridium126.createmanaindustry.CreateManaIndustry/]: [CMI packages] rejected environment identity=Identity[id=1013, generation=1] step=16 previousStep=0 contact=8 block=BlockPos{x=-18, y=84, z=17} pose=47.588943,25.604828,17.5 region=PackageRegion[x=-1, y=1, z=0]
11745: [0310月2026 13:55:21.551] [Server thread/DEBUG] [com.iridium126.createmanaindustry.CreateManaIndustry/]: [CMI packages] rejected environment identity=Identity[id=1046, generation=1] step=16 previousStep=0 contact=8 block=BlockPos{x=-18, y=84, z=17} pose=47.610588,25.923288,17.5 region=PackageRegion[x=-1, y=1, z=0]
11746: [0310月2026 13:55:21.551] [Server thread/DEBUG] [com.iridium126.createmanaindustry.CreateManaIndustry/]: [CMI packages] rejected environment identity=Identity[id=1016, generation=1] step=16 previousStep=0 contact=8 block=BlockPos{x=-18, y=84, z=17} pose=48.377716,25.790989,17.5 region=PackageRegion[x=-1, y=1, z=0]
11747: [0310月2026 13:55:21.551] [Server thread/DEBUG] [com.iridium126.createmanaindustry.CreateManaIndustry/]: [CMI packages] rejected environment identity=Identity[id=1048, generation=1] step=16 previousStep=0 contact=8 block=BlockPos{x=-18, y=84, z=17} pose=47.615242,26.509226,17.5 region=PackageRegion[x=-1, y=1, z=0]
11748: [0310月2026 13:55:21.583] [Server thread/DEBUG] [com.iridium126.createmanaindustry.CreateManaIndustry/]: [CMI packages] rejected delta result=INVALID sequence=30 region=PackageRegion[x=-1, y=1, z=0]; pausing package records
11749: [0310月2026 13:55:29.800] [Render thread/INFO] [com.iridium126.createmanaindustry.CreateManaIndustry/]: [CMI packages] pausing GPU authority: Package transition queue exhausted
11750: [0310月2026 13:55:45.499] [Render thread/INFO] [com.iridium126.createmanaindustry.CreateManaIndustry/]: [CMI packages] pausing GPU authority: Package input history expired; pausing for a fresh baseline
11753: [0310月2026 13:55:51.720] [Server thread/DEBUG] [com.iridium126.createmanaindustry.CreateManaIndustry/]: [CMI packages] rejected environment identity=Identity[id=1122, generation=1] step=16 previousStep=0 contact=8 block=BlockPos{x=-18, y=84, z=17} pose=48.37532,26.87497,17.5 region=PackageRegion[x=-1, y=1, z=0]
11754: [0310月2026 13:55:51.720] [Server thread/DEBUG] [com.iridium126.createmanaindustry.CreateManaIndustry/]: [CMI packages] rejected environment identity=Identity[id=1035, generation=1] step=16 previousStep=0 contact=8 block=BlockPos{x=-18, y=84, z=17} pose=46.807426,26.810684,17.5 region=PackageRegion[x=-1, y=1, z=0]
11755: [0310月2026 13:55:51.720] [Server thread/DEBUG] [com.iridium126.createmanaindustry.CreateManaIndustry/]: [CMI packages] rejected environment identity=Identity[id=994, generation=1] step=16 previousStep=0 contact=8 block=BlockPos{x=-18, y=84, z=17} pose=47.330315,26.85756,17.5 region=PackageRegion[x=-1, y=1, z=0]
11756: [0310月2026 13:55:51.743] [Server thread/DEBUG] [com.iridium126.createmanaindustry.CreateManaIndustry/]: [CMI packages] rejected environment identity=Identity[id=1083, generation=1] step=16 previousStep=0 contact=8 block=BlockPos{x=-18, y=84, z=17} pose=47.625732,25.703094,17.5 region=PackageRegion[x=-1, y=1, z=0]
11757: [0310月2026 13:55:51.743] [Server thread/DEBUG] [com.iridium126.createmanaindustry.CreateManaIndustry/]: [CMI packages] rejected environment identity=Identity[id=1085, generation=1] step=16 previousStep=0 contact=8 block=BlockPos{x=-18, y=84, z=17} pose=47.632492,26.21872,17.5 region=PackageRegion[x=-1, y=1, z=0]
11758: [0310月2026 13:55:51.744] [Server thread/DEBUG] [com.iridium126.createmanaindustry.CreateManaIndustry/]: [CMI packages] rejected environment identity=Identity[id=1089, generation=1] step=16 previousStep=0 contact=8 block=BlockPos{x=-18, y=84, z=17} pose=47.85332,26.921844,17.5 region=PackageRegion[x=-1, y=1, z=0]
11762: [0310月2026 13:56:02.492] [Render thread/INFO] [com.iridium126.createmanaindustry.CreateManaIndustry/]: [CMI packages] pausing GPU authority: Package input history expired; pausing for a fresh baseline
11763: [0310月2026 13:56:19.491] [Render thread/INFO] [com.iridium126.createmanaindustry.CreateManaIndustry/]: [CMI packages] pausing GPU authority: Package input history expired; pausing for a fresh baseline
11764: [0310月2026 13:56:36.496] [Render thread/INFO] [com.iridium126.createmanaindustry.CreateManaIndustry/]: [CMI packages] pausing GPU authority: Package input history expired; pausing for a fresh baseline
11765: [0310月2026 13:56:54.445] [Render thread/INFO] [com.iridium126.createmanaindustry.CreateManaIndustry/]: [CMI packages] pausing GPU authority: Package input history expired; pausing for a fresh baseline
11766: [0310月2026 13:57:11.490] [Render thread/INFO] [com.iridium126.createmanaindustry.CreateManaIndustry/]: [CMI packages] pausing GPU authority: Package input history expired; pausing for a fresh baseline
11793: [0310月2026 13:57:24.557] [Render thread/INFO] [com.iridium126.createmanaindustry.CreateManaIndustry/]: [CMI packages] pausing GPU authority: Package world unloaded
